// Jest Snapshot v1, https://goo.gl/fbAQLP

exports[`Subheader should render 1`] = `ShallowWrapper {}`;
